
> desa-dauh-puri-kaja@0.1.0 build
> next build --turbopack

   Γû▓ Next.js 15.5.4 (Turbopack)
   - Environments: .env.local

   Creating an optimized production build ...
 Γ£ô Finished writing to disk in 215ms
 Γ£ô Compiled successfully in 4.7s
   Linting and checking validity of types ...

./src/app/admin/apb/page.tsx
13:3  Warning: 'getAPB' is defined but never used.  @typescript-eslint/no-unused-vars

./src/app/admin/components/AdminContext.tsx
8:9  Warning: Unexpected any. Specify a different type.  @typescript-eslint/no-explicit-any
19:36  Warning: Unexpected any. Specify a different type.  @typescript-eslint/no-explicit-any

./src/app/admin/components/AdminLayout.tsx
2:17  Warning: 'useState' is defined but never used.  @typescript-eslint/no-unused-vars
5:25  Warning: 'AdminContext' is defined but never used.  @typescript-eslint/no-unused-vars
8:139  Warning: Unexpected any. Specify a different type.  @typescript-eslint/no-explicit-any

./src/app/admin/e-news/components/BeritaList.tsx
4:47  Warning: 'addDoc' is defined but never used.  @typescript-eslint/no-unused-vars
46:6  Warning: React Hook useEffect has a missing dependency: 'editingItem?.imageUrl'. Either include it or remove the dependency array.  react-hooks/exhaustive-deps
107:19  Warning: Using `<img>` could result in slower LCP and higher bandwidth. Consider using `<Image />` from `next/image` or a custom image loader to automatically optimize images. This may incur additional usage or cost from your provider. See: https://nextjs.org/docs/messages/no-img-element  @next/next/no-img-element
269:19  Warning: Using `<img>` could result in slower LCP and higher bandwidth. Consider using `<Image />` from `next/image` or a custom image loader to automatically optimize images. This may incur additional usage or cost from your provider. See: https://nextjs.org/docs/messages/no-img-element  @next/next/no-img-element

./src/app/admin/e-news/components/ENewsList.tsx
65:19  Warning: Using `<img>` could result in slower LCP and higher bandwidth. Consider using `<Image />` from `next/image` or a custom image loader to automatically optimize images. This may incur additional usage or cost from your provider. See: https://nextjs.org/docs/messages/no-img-element  @next/next/no-img-element

./src/app/admin/e-news/components/PengumumanList.tsx
46:6  Warning: React Hook useEffect has a missing dependency: 'editingItem?.imageUrl'. Either include it or remove the dependency array.  react-hooks/exhaustive-deps
107:19  Warning: Using `<img>` could result in slower LCP and higher bandwidth. Consider using `<Image />` from `next/image` or a custom image loader to automatically optimize images. This may incur additional usage or cost from your provider. See: https://nextjs.org/docs/messages/no-img-element  @next/next/no-img-element
267:19  Warning: Using `<img>` could result in slower LCP and higher bandwidth. Consider using `<Image />` from `next/image` or a custom image loader to automatically optimize images. This may incur additional usage or cost from your provider. See: https://nextjs.org/docs/messages/no-img-element  @next/next/no-img-element

./src/app/admin/home/page.tsx
2:27  Warning: 'useRef' is defined but never used.  @typescript-eslint/no-unused-vars
2:35  Warning: 'useEffect' is defined but never used.  @typescript-eslint/no-unused-vars
5:49  Warning: 'AdminHeaderIcons' is defined but never used.  @typescript-eslint/no-unused-vars
8:139  Warning: Unexpected any. Specify a different type.  @typescript-eslint/no-explicit-any
52:9  Warning: 'pathname' is assigned a value but never used.  @typescript-eslint/no-unused-vars

./src/app/admin/kelola-pengguna/components/AdminList.tsx
9:38  Warning: Unexpected any. Specify a different type.  @typescript-eslint/no-explicit-any
12:42  Warning: Unexpected any. Specify a different type.  @typescript-eslint/no-explicit-any
26:16  Warning: 'err' is defined but never used.  @typescript-eslint/no-unused-vars
44:14  Warning: 'err' is defined but never used.  @typescript-eslint/no-unused-vars
58:32  Warning: Unexpected any. Specify a different type.  @typescript-eslint/no-explicit-any
109:23  Warning: Unexpected any. Specify a different type.  @typescript-eslint/no-explicit-any
126:34  Warning: Unexpected any. Specify a different type.  @typescript-eslint/no-explicit-any

./src/app/admin/kelola-pengguna/components/GenericRoleList.tsx
9:38  Warning: Unexpected any. Specify a different type.  @typescript-eslint/no-explicit-any
12:42  Warning: Unexpected any. Specify a different type.  @typescript-eslint/no-explicit-any
26:16  Warning: 'err' is defined but never used.  @typescript-eslint/no-unused-vars
44:14  Warning: 'err' is defined but never used.  @typescript-eslint/no-unused-vars
58:32  Warning: Unexpected any. Specify a different type.  @typescript-eslint/no-explicit-any
106:23  Warning: Unexpected any. Specify a different type.  @typescript-eslint/no-explicit-any
115:14  Warning: 'err' is defined but never used.  @typescript-eslint/no-unused-vars
120:34  Warning: Unexpected any. Specify a different type.  @typescript-eslint/no-explicit-any
128:14  Warning: 'err' is defined but never used.  @typescript-eslint/no-unused-vars

./src/app/admin/kelola-pengguna/components/Icon.tsx
5:134  Warning: Unexpected any. Specify a different type.  @typescript-eslint/no-explicit-any

./src/app/admin/kelola-pengguna/components/KepalaDesaList.tsx
9:38  Warning: Unexpected any. Specify a different type.  @typescript-eslint/no-explicit-any
12:42  Warning: Unexpected any. Specify a different type.  @typescript-eslint/no-explicit-any
26:16  Warning: 'err' is defined but never used.  @typescript-eslint/no-unused-vars
44:14  Warning: 'err' is defined but never used.  @typescript-eslint/no-unused-vars
58:32  Warning: Unexpected any. Specify a different type.  @typescript-eslint/no-explicit-any
106:23  Warning: Unexpected any. Specify a different type.  @typescript-eslint/no-explicit-any
115:14  Warning: 'err' is defined but never used.  @typescript-eslint/no-unused-vars
120:34  Warning: Unexpected any. Specify a different type.  @typescript-eslint/no-explicit-any
128:14  Warning: 'err' is defined but never used.  @typescript-eslint/no-unused-vars

./src/app/admin/kelola-pengguna/components/RoleModal.tsx
10:44  Warning: Unexpected any. Specify a different type.  @typescript-eslint/no-explicit-any
24:16  Warning: 'err' is defined but never used.  @typescript-eslint/no-unused-vars

./src/app/admin/kelola-pengguna/components/UserManagementList.tsx
3:16  Warning: 'createUser' is defined but never used.  @typescript-eslint/no-unused-vars
248:27  Warning: Unexpected any. Specify a different type.  @typescript-eslint/no-explicit-any

./src/app/admin/kelola-pengguna/page.tsx
3:8  Warning: 'Link' is defined but never used.  @typescript-eslint/no-unused-vars

./src/app/admin/keuangan/components/DetailAPBModal.tsx
38:10  Warning: 'activeTab' is assigned a value but never used.  @typescript-eslint/no-unused-vars
183:71  Warning: Unexpected any. Specify a different type.  @typescript-eslint/no-explicit-any
184:47  Warning: Unexpected any. Specify a different type.  @typescript-eslint/no-explicit-any

./src/app/admin/keuangan/components/FormTambahKeuangan.tsx
77:65  Warning: Unexpected any. Specify a different type.  @typescript-eslint/no-explicit-any
163:63  Warning: Unexpected any. Specify a different type.  @typescript-eslint/no-explicit-any
176:63  Warning: Unexpected any. Specify a different type.  @typescript-eslint/no-explicit-any
209:62  Warning: Unexpected any. Specify a different type.  @typescript-eslint/no-explicit-any

./src/app/admin/keuangan/page.tsx
3:8  Warning: 'Link' is defined but never used.  @typescript-eslint/no-unused-vars

./src/app/admin/login/page.tsx
28:11  Warning: Using `<img>` could result in slower LCP and higher bandwidth. Consider using `<Image />` from `next/image` or a custom image loader to automatically optimize images. This may incur additional usage or cost from your provider. See: https://nextjs.org/docs/messages/no-img-element  @next/next/no-img-element
34:11  Warning: Using `<img>` could result in slower LCP and higher bandwidth. Consider using `<Image />` from `next/image` or a custom image loader to automatically optimize images. This may incur additional usage or cost from your provider. See: https://nextjs.org/docs/messages/no-img-element  @next/next/no-img-element

./src/app/admin/profil-desa/sejarah/page.tsx
268:23  Warning: Using `<img>` could result in slower LCP and higher bandwidth. Consider using `<Image />` from `next/image` or a custom image loader to automatically optimize images. This may incur additional usage or cost from your provider. See: https://nextjs.org/docs/messages/no-img-element  @next/next/no-img-element

./src/app/admin/profil-desa/struktur/page.tsx
7:3  Warning: 'getStrukturPemerintahaan' is defined but never used.  @typescript-eslint/no-unused-vars
68:9  Warning: 'handleAddCategory' is assigned a value but never used.  @typescript-eslint/no-unused-vars
384:27  Warning: Using `<img>` could result in slower LCP and higher bandwidth. Consider using `<Image />` from `next/image` or a custom image loader to automatically optimize images. This may incur additional usage or cost from your provider. See: https://nextjs.org/docs/messages/no-img-element  @next/next/no-img-element

./src/app/admin/profil-desa/visi-misi/page.tsx
244:27  Warning: Using `<img>` could result in slower LCP and higher bandwidth. Consider using `<Image />` from `next/image` or a custom image loader to automatically optimize images. This may incur additional usage or cost from your provider. See: https://nextjs.org/docs/messages/no-img-element  @next/next/no-img-element

./src/app/admin/profil-desa/wilayah/page.tsx
204:19  Warning: Using `<img>` could result in slower LCP and higher bandwidth. Consider using `<Image />` from `next/image` or a custom image loader to automatically optimize images. This may incur additional usage or cost from your provider. See: https://nextjs.org/docs/messages/no-img-element  @next/next/no-img-element
259:56  Warning: `"` can be escaped with `&quot;`, `&ldquo;`, `&#34;`, `&rdquo;`.  react/no-unescaped-entities
259:61  Warning: `"` can be escaped with `&quot;`, `&ldquo;`, `&#34;`, `&rdquo;`.  react/no-unescaped-entities

./src/app/admin/regulasi/components/FormTambahRegulasi.tsx
71:65  Warning: Unexpected any. Specify a different type.  @typescript-eslint/no-explicit-any
112:62  Warning: Unexpected any. Specify a different type.  @typescript-eslint/no-explicit-any
186:64  Warning: Unexpected any. Specify a different type.  @typescript-eslint/no-explicit-any
199:64  Warning: Unexpected any. Specify a different type.  @typescript-eslint/no-explicit-any

./src/app/admin/regulasi/page.tsx
13:3  Warning: 'getRegulasiDesa' is defined but never used.  @typescript-eslint/no-unused-vars
65:9  Warning: 'handlePdfChange' is assigned a value but never used.  @typescript-eslint/no-unused-vars
74:9  Warning: 'handleDiagramChange' is assigned a value but never used.  @typescript-eslint/no-unused-vars
339:70  Warning: Unexpected any. Specify a different type.  @typescript-eslint/no-explicit-any

./src/app/api/admin/create-user/route.ts
4:12  Warning: Unexpected any. Specify a different type.  @typescript-eslint/no-explicit-any
11:12  Warning: 'e' is defined but never used.  @typescript-eslint/no-unused-vars
23:15  Warning: Unexpected any. Specify a different type.  @typescript-eslint/no-explicit-any
78:17  Warning: Unexpected any. Specify a different type.  @typescript-eslint/no-explicit-any

./src/app/api/admin/update-user-password/route.ts
4:12  Warning: Unexpected any. Specify a different type.  @typescript-eslint/no-explicit-any
11:12  Warning: 'e' is defined but never used.  @typescript-eslint/no-unused-vars
21:15  Warning: Unexpected any. Specify a different type.  @typescript-eslint/no-explicit-any
68:17  Warning: Unexpected any. Specify a different type.  @typescript-eslint/no-explicit-any

./src/app/masyarakat/components/MasyarakatMenuBar.tsx
152:9  Warning: 'pathname' is assigned a value but never used.  @typescript-eslint/no-unused-vars

./src/app/masyarakat/daftar/page.tsx
4:8  Warning: 'Image' is defined but never used.  @typescript-eslint/no-unused-vars
15:7  Warning: 'IdentificationIcon' is assigned a value but never used.  @typescript-eslint/no-unused-vars
21:7  Warning: 'MailIcon' is assigned a value but never used.  @typescript-eslint/no-unused-vars
27:7  Warning: 'PhoneIcon' is assigned a value but never used.  @typescript-eslint/no-unused-vars
33:7  Warning: 'LockClosedIcon' is assigned a value but never used.  @typescript-eslint/no-unused-vars
39:7  Warning: 'ArrowLeftIcon' is assigned a value but never used.  @typescript-eslint/no-unused-vars
45:7  Warning: 'CheckIcon' is assigned a value but never used.  @typescript-eslint/no-unused-vars
51:7  Warning: 'DesaLogo' is assigned a value but never used.  @typescript-eslint/no-unused-vars

./src/app/masyarakat/e-news/detail/[jenis]/[id]/page.tsx
112:9  Warning: Using `<img>` could result in slower LCP and higher bandwidth. Consider using `<Image />` from `next/image` or a custom image loader to automatically optimize images. This may incur additional usage or cost from your provider. See: https://nextjs.org/docs/messages/no-img-element  @next/next/no-img-element

./src/app/masyarakat/e-umkm/page.tsx
67:50  Warning: Unexpected any. Specify a different type.  @typescript-eslint/no-explicit-any
85:50  Warning: Unexpected any. Specify a different type.  @typescript-eslint/no-explicit-any

./src/app/masyarakat/home/page.tsx
4:8  Warning: 'Image' is defined but never used.  @typescript-eslint/no-unused-vars
19:3  Warning: 'Building' is defined but never used.  @typescript-eslint/no-unused-vars
20:3  Warning: 'FileBarChart' is defined but never used.  @typescript-eslint/no-unused-vars
23:3  Warning: 'Gift' is defined but never used.  @typescript-eslint/no-unused-vars
34:7  Warning: 'DesaLogo' is assigned a value but never used.  @typescript-eslint/no-unused-vars
35:7  Warning: 'BgdLogo' is assigned a value but never used.  @typescript-eslint/no-unused-vars

./src/app/masyarakat/ikm/page.tsx
20:9  Warning: The 'monthNames' array makes the dependencies of useEffect Hook (at line 50) change on every render. To fix this, wrap the initialization of 'monthNames' in its own useMemo() Hook.  react-hooks/exhaustive-deps

./src/app/masyarakat/keuangan/page.tsx
3:8  Warning: 'Link' is defined but never used.  @typescript-eslint/no-unused-vars

./src/app/masyarakat/layanan-publik/akta-surat-lainnya/page.tsx
679:10  Warning: 'HomeIcon' is defined but never used.  @typescript-eslint/no-unused-vars
697:10  Warning: 'HistoryIcon' is defined but never used.  @typescript-eslint/no-unused-vars
715:10  Warning: 'BellIcon' is defined but never used.  @typescript-eslint/no-unused-vars
732:10  Warning: 'UserIcon' is defined but never used.  @typescript-eslint/no-unused-vars

./src/app/masyarakat/layanan-publik/kartu-identitas-anak/page.tsx
5:8  Warning: 'Link' is defined but never used.  @typescript-eslint/no-unused-vars
767:10  Warning: 'HomeIcon' is defined but never used.  @typescript-eslint/no-unused-vars
785:10  Warning: 'HistoryIcon' is defined but never used.  @typescript-eslint/no-unused-vars
803:10  Warning: 'BellIcon' is defined but never used.  @typescript-eslint/no-unused-vars
820:10  Warning: 'UserIcon' is defined but never used.  @typescript-eslint/no-unused-vars

./src/app/masyarakat/layanan-publik/kartu-keluarga/page.tsx
4:15  Warning: 'JSX' is defined but never used.  @typescript-eslint/no-unused-vars
147:10  Warning: 'HomeIcon' is defined but never used.  @typescript-eslint/no-unused-vars
165:10  Warning: 'HistoryIcon' is defined but never used.  @typescript-eslint/no-unused-vars
183:10  Warning: 'BellIcon' is defined but never used.  @typescript-eslint/no-unused-vars
200:10  Warning: 'UserIcon' is defined but never used.  @typescript-eslint/no-unused-vars

./src/app/masyarakat/layanan-publik/ktp-elektronik-denpasar/page.tsx
5:8  Warning: 'Link' is defined but never used.  @typescript-eslint/no-unused-vars
669:10  Warning: 'HomeIcon' is defined but never used.  @typescript-eslint/no-unused-vars
687:10  Warning: 'HistoryIcon' is defined but never used.  @typescript-eslint/no-unused-vars
705:10  Warning: 'BellIcon' is defined but never used.  @typescript-eslint/no-unused-vars
722:10  Warning: 'UserIcon' is defined but never used.  @typescript-eslint/no-unused-vars

./src/app/masyarakat/layanan-publik/page.tsx
253:10  Warning: 'HomeIcon' is defined but never used.  @typescript-eslint/no-unused-vars
271:10  Warning: 'HistoryIcon' is defined but never used.  @typescript-eslint/no-unused-vars
289:10  Warning: 'BellIcon' is defined but never used.  @typescript-eslint/no-unused-vars
306:10  Warning: 'UserIcon' is defined but never used.  @typescript-eslint/no-unused-vars
461:10  Warning: 'BackIcon' is defined but never used.  @typescript-eslint/no-unused-vars

./src/app/masyarakat/layanan-publik/paket-akta-kematian/page.tsx
4:15  Warning: 'JSX' is defined but never used.  @typescript-eslint/no-unused-vars
147:10  Warning: 'HomeIcon' is defined but never used.  @typescript-eslint/no-unused-vars
165:10  Warning: 'HistoryIcon' is defined but never used.  @typescript-eslint/no-unused-vars
183:10  Warning: 'BellIcon' is defined but never used.  @typescript-eslint/no-unused-vars
200:10  Warning: 'UserIcon' is defined but never used.  @typescript-eslint/no-unused-vars

./src/app/masyarakat/layanan-publik/paket-akta-lahir/page.tsx
4:15  Warning: 'JSX' is defined but never used.  @typescript-eslint/no-unused-vars
147:10  Warning: 'HomeIcon' is defined but never used.  @typescript-eslint/no-unused-vars
165:10  Warning: 'HistoryIcon' is defined but never used.  @typescript-eslint/no-unused-vars
183:10  Warning: 'BellIcon' is defined but never used.  @typescript-eslint/no-unused-vars
200:10  Warning: 'UserIcon' is defined but never used.  @typescript-eslint/no-unused-vars

./src/app/masyarakat/layanan-publik/paket-akta-perceraian/page.tsx
4:15  Warning: 'JSX' is defined but never used.  @typescript-eslint/no-unused-vars
147:10  Warning: 'HomeIcon' is defined but never used.  @typescript-eslint/no-unused-vars
165:10  Warning: 'HistoryIcon' is defined but never used.  @typescript-eslint/no-unused-vars
183:10  Warning: 'BellIcon' is defined but never used.  @typescript-eslint/no-unused-vars
200:10  Warning: 'UserIcon' is defined but never used.  @typescript-eslint/no-unused-vars

./src/app/masyarakat/layanan-publik/paket-akta-perkawinan/page.tsx
4:15  Warning: 'JSX' is defined but never used.  @typescript-eslint/no-unused-vars
147:10  Warning: 'HomeIcon' is defined but never used.  @typescript-eslint/no-unused-vars
165:10  Warning: 'HistoryIcon' is defined but never used.  @typescript-eslint/no-unused-vars
183:10  Warning: 'BellIcon' is defined but never used.  @typescript-eslint/no-unused-vars
200:10  Warning: 'UserIcon' is defined but never used.  @typescript-eslint/no-unused-vars

./src/app/masyarakat/layanan-publik/pelayanan-taring-dukcapil/page.tsx
190:10  Warning: 'HomeIcon' is defined but never used.  @typescript-eslint/no-unused-vars
208:10  Warning: 'HistoryIcon' is defined but never used.  @typescript-eslint/no-unused-vars
226:10  Warning: 'BellIcon' is defined but never used.  @typescript-eslint/no-unused-vars
243:10  Warning: 'UserIcon' is defined but never used.  @typescript-eslint/no-unused-vars

./src/app/masyarakat/layanan-publik/surat-akta-lainnya/page.tsx
384:10  Warning: 'HomeIcon' is defined but never used.  @typescript-eslint/no-unused-vars
402:10  Warning: 'HistoryIcon' is defined but never used.  @typescript-eslint/no-unused-vars
420:10  Warning: 'BellIcon' is defined but never used.  @typescript-eslint/no-unused-vars
437:10  Warning: 'UserIcon' is defined but never used.  @typescript-eslint/no-unused-vars

./src/app/masyarakat/layanan-publik/surat-keterangan-belum-bekerja/page.tsx
288:10  Warning: 'HomeIcon' is defined but never used.  @typescript-eslint/no-unused-vars
306:10  Warning: 'HistoryIcon' is defined but never used.  @typescript-eslint/no-unused-vars
324:10  Warning: 'BellIcon' is defined but never used.  @typescript-eslint/no-unused-vars
341:10  Warning: 'UserIcon' is defined but never used.  @typescript-eslint/no-unused-vars

./src/app/masyarakat/layanan-publik/surat-keterangan-belum-nikah/page.tsx
5:8  Warning: 'Link' is defined but never used.  @typescript-eslint/no-unused-vars
290:10  Warning: 'HomeIcon' is defined but never used.  @typescript-eslint/no-unused-vars
308:10  Warning: 'HistoryIcon' is defined but never used.  @typescript-eslint/no-unused-vars
326:10  Warning: 'BellIcon' is defined but never used.  @typescript-eslint/no-unused-vars
343:10  Warning: 'UserIcon' is defined but never used.  @typescript-eslint/no-unused-vars
380:10  Warning: 'BackIcon' is defined but never used.  @typescript-eslint/no-unused-vars

./src/app/masyarakat/layanan-publik/surat-keterangan-kawin-menikah/page.tsx
5:8  Warning: 'Link' is defined but never used.  @typescript-eslint/no-unused-vars
289:10  Warning: 'HomeIcon' is defined but never used.  @typescript-eslint/no-unused-vars
307:10  Warning: 'HistoryIcon' is defined but never used.  @typescript-eslint/no-unused-vars
325:10  Warning: 'BellIcon' is defined but never used.  @typescript-eslint/no-unused-vars
342:10  Warning: 'UserIcon' is defined but never used.  @typescript-eslint/no-unused-vars

./src/app/masyarakat/layanan-publik/surat-keterangan-kematian/page.tsx
5:8  Warning: 'Link' is defined but never used.  @typescript-eslint/no-unused-vars
289:10  Warning: 'HomeIcon' is defined but never used.  @typescript-eslint/no-unused-vars
307:10  Warning: 'HistoryIcon' is defined but never used.  @typescript-eslint/no-unused-vars
325:10  Warning: 'BellIcon' is defined but never used.  @typescript-eslint/no-unused-vars
342:10  Warning: 'UserIcon' is defined but never used.  @typescript-eslint/no-unused-vars

./src/app/masyarakat/layanan-publik/surat-keterangan-perjalanan/page.tsx
325:10  Warning: 'HomeIcon' is defined but never used.  @typescript-eslint/no-unused-vars
343:10  Warning: 'HistoryIcon' is defined but never used.  @typescript-eslint/no-unused-vars
361:10  Warning: 'BellIcon' is defined but never used.  @typescript-eslint/no-unused-vars
378:10  Warning: 'UserIcon' is defined but never used.  @typescript-eslint/no-unused-vars

./src/app/masyarakat/layanan-publik/surat-pindah-domisili/page.tsx
4:15  Warning: 'JSX' is defined but never used.  @typescript-eslint/no-unused-vars
147:10  Warning: 'HomeIcon' is defined but never used.  @typescript-eslint/no-unused-vars
165:10  Warning: 'HistoryIcon' is defined but never used.  @typescript-eslint/no-unused-vars
183:10  Warning: 'BellIcon' is defined but never used.  @typescript-eslint/no-unused-vars
200:10  Warning: 'UserIcon' is defined but never used.  @typescript-eslint/no-unused-vars

./src/app/masyarakat/lib/useCurrentUser.ts
26:62  Warning: Unexpected any. Specify a different type.  @typescript-eslint/no-explicit-any

./src/app/masyarakat/notifikasi/page.tsx
3:8  Warning: 'Image' is defined but never used.  @typescript-eslint/no-unused-vars
4:8  Warning: 'Link' is defined but never used.  @typescript-eslint/no-unused-vars
8:7  Warning: 'DesaLogo' is assigned a value but never used.  @typescript-eslint/no-unused-vars
9:7  Warning: 'BgdLogo' is assigned a value but never used.  @typescript-eslint/no-unused-vars

./src/app/masyarakat/pengaduan/buat/page.tsx
313:10  Warning: 'HomeIcon' is defined but never used.  @typescript-eslint/no-unused-vars
331:10  Warning: 'HistoryIcon' is defined but never used.  @typescript-eslint/no-unused-vars
349:10  Warning: 'BellIcon' is defined but never used.  @typescript-eslint/no-unused-vars
366:10  Warning: 'UserIcon' is defined but never used.  @typescript-eslint/no-unused-vars

./src/app/masyarakat/pengaduan/page.tsx
5:8  Warning: 'Image' is defined but never used.  @typescript-eslint/no-unused-vars
9:7  Warning: 'DesaLogo' is assigned a value but never used.  @typescript-eslint/no-unused-vars
10:7  Warning: 'BgdLogo' is assigned a value but never used.  @typescript-eslint/no-unused-vars
254:10  Warning: 'HomeIcon' is defined but never used.  @typescript-eslint/no-unused-vars
272:10  Warning: 'HistoryIcon' is defined but never used.  @typescript-eslint/no-unused-vars
290:10  Warning: 'BellIcon' is defined but never used.  @typescript-eslint/no-unused-vars
307:10  Warning: 'UserIcon' is defined but never used.  @typescript-eslint/no-unused-vars

./src/app/masyarakat/profil/detail/page.tsx
3:8  Warning: 'Image' is defined but never used.  @typescript-eslint/no-unused-vars

./src/app/masyarakat/profil/edit/akun/foto-profil/page.tsx
119:19  Warning: Using `<img>` could result in slower LCP and higher bandwidth. Consider using `<Image />` from `next/image` or a custom image loader to automatically optimize images. This may incur additional usage or cost from your provider. See: https://nextjs.org/docs/messages/no-img-element  @next/next/no-img-element

./src/app/masyarakat/profil-desa/sejarah/page.tsx
43:42  Warning: `"` can be escaped with `&quot;`, `&ldquo;`, `&#34;`, `&rdquo;`.  react/no-unescaped-entities
43:58  Warning: `"` can be escaped with `&quot;`, `&ldquo;`, `&#34;`, `&rdquo;`.  react/no-unescaped-entities
44:24  Warning: `"` can be escaped with `&quot;`, `&ldquo;`, `&#34;`, `&rdquo;`.  react/no-unescaped-entities
44:35  Warning: `"` can be escaped with `&quot;`, `&ldquo;`, `&#34;`, `&rdquo;`.  react/no-unescaped-entities
44:75  Warning: `"` can be escaped with `&quot;`, `&ldquo;`, `&#34;`, `&rdquo;`.  react/no-unescaped-entities
44:87  Warning: `"` can be escaped with `&quot;`, `&ldquo;`, `&#34;`, `&rdquo;`.  react/no-unescaped-entities
45:19  Warning: `"` can be escaped with `&quot;`, `&ldquo;`, `&#34;`, `&rdquo;`.  react/no-unescaped-entities
45:37  Warning: `"` can be escaped with `&quot;`, `&ldquo;`, `&#34;`, `&rdquo;`.  react/no-unescaped-entities
45:50  Warning: `"` can be escaped with `&quot;`, `&ldquo;`, `&#34;`, `&rdquo;`.  react/no-unescaped-entities
45:55  Warning: `"` can be escaped with `&quot;`, `&ldquo;`, `&#34;`, `&rdquo;`.  react/no-unescaped-entities
45:65  Warning: `"` can be escaped with `&quot;`, `&ldquo;`, `&#34;`, `&rdquo;`.  react/no-unescaped-entities
45:71  Warning: `"` can be escaped with `&quot;`, `&ldquo;`, `&#34;`, `&rdquo;`.  react/no-unescaped-entities
46:48  Warning: `"` can be escaped with `&quot;`, `&ldquo;`, `&#34;`, `&rdquo;`.  react/no-unescaped-entities
46:69  Warning: `"` can be escaped with `&quot;`, `&ldquo;`, `&#34;`, `&rdquo;`.  react/no-unescaped-entities

./src/app/masyarakat/profil-desa/wilayah/page.tsx
79:15  Warning: Using `<img>` could result in slower LCP and higher bandwidth. Consider using `<Image />` from `next/image` or a custom image loader to automatically optimize images. This may incur additional usage or cost from your provider. See: https://nextjs.org/docs/messages/no-img-element  @next/next/no-img-element

./src/app/masyarakat/regulasi/page.tsx
3:8  Warning: 'Link' is defined but never used.  @typescript-eslint/no-unused-vars

./src/app/masyarakat/riwayat/page.tsx
3:8  Warning: 'Image' is defined but never used.  @typescript-eslint/no-unused-vars
4:8  Warning: 'Link' is defined but never used.  @typescript-eslint/no-unused-vars
9:7  Warning: 'DesaLogo' is assigned a value but never used.  @typescript-eslint/no-unused-vars
10:7  Warning: 'BgdLogo' is assigned a value but never used.  @typescript-eslint/no-unused-vars

./src/app/masyarakat/wisata-budaya/budaya/detail/[id]/page.tsx
198:53  Warning: Unexpected any. Specify a different type.  @typescript-eslint/no-explicit-any
315:10  Warning: 'HomeIcon' is defined but never used.  @typescript-eslint/no-unused-vars
351:10  Warning: 'BellIcon' is defined but never used.  @typescript-eslint/no-unused-vars
368:10  Warning: 'UserIcon' is defined but never used.  @typescript-eslint/no-unused-vars
385:10  Warning: 'BackIcon' is defined but never used.  @typescript-eslint/no-unused-vars
420:10  Warning: 'ImageIcon' is defined but never used.  @typescript-eslint/no-unused-vars

./src/app/masyarakat/wisata-budaya/budaya/page.tsx
213:10  Warning: 'HomeIcon' is defined but never used.  @typescript-eslint/no-unused-vars
231:10  Warning: 'HistoryIcon' is defined but never used.  @typescript-eslint/no-unused-vars
249:10  Warning: 'BellIcon' is defined but never used.  @typescript-eslint/no-unused-vars
266:10  Warning: 'UserIcon' is defined but never used.  @typescript-eslint/no-unused-vars

./src/app/masyarakat/wisata-budaya/page.tsx
88:10  Warning: 'HomeIcon' is defined but never used.  @typescript-eslint/no-unused-vars
106:10  Warning: 'HistoryIcon' is defined but never used.  @typescript-eslint/no-unused-vars
124:10  Warning: 'BellIcon' is defined but never used.  @typescript-eslint/no-unused-vars
141:10  Warning: 'UserIcon' is defined but never used.  @typescript-eslint/no-unused-vars

./src/app/masyarakat/wisata-budaya/wisata/detail/[id]/page.tsx
193:53  Warning: Unexpected any. Specify a different type.  @typescript-eslint/no-explicit-any
308:10  Warning: 'HomeIcon' is defined but never used.  @typescript-eslint/no-unused-vars
326:10  Warning: 'HistoryIcon' is defined but never used.  @typescript-eslint/no-unused-vars
344:10  Warning: 'BellIcon' is defined but never used.  @typescript-eslint/no-unused-vars
361:10  Warning: 'UserIcon' is defined but never used.  @typescript-eslint/no-unused-vars
378:10  Warning: 'BackIcon' is defined but never used.  @typescript-eslint/no-unused-vars

./src/app/masyarakat/wisata-budaya/wisata/page.tsx
213:10  Warning: 'HomeIcon' is defined but never used.  @typescript-eslint/no-unused-vars
231:10  Warning: 'HistoryIcon' is defined but never used.  @typescript-eslint/no-unused-vars
249:10  Warning: 'BellIcon' is defined but never used.  @typescript-eslint/no-unused-vars
266:10  Warning: 'UserIcon' is defined but never used.  @typescript-eslint/no-unused-vars

./src/lib/enewsService.ts
15:56  Warning: 'deleteObject' is defined but never used.  @typescript-eslint/no-unused-vars

./src/lib/profilDesaService.ts
9:3  Warning: 'where' is defined but never used.  @typescript-eslint/no-unused-vars
16:56  Warning: 'deleteObject' is defined but never used.  @typescript-eslint/no-unused-vars

info  - Need to disable some ESLint rules? Learn more here: https://nextjs.org/docs/app/api-reference/config/eslint#disabling-rules
node.exe : Failed to compile.
At line:1 char:1
+ & "C:\Program Files\nodejs/node.exe" "C:\Program Files\nodejs/node_mo ...
+ ~~~~~~~~~~~~~~~~~~~~~~~~~~~~~~~~~~~~~~~~~~~~~~~~~~~~~~~~~~~~~~~~~~~~~
    + CategoryInfo          : NotSpecified: (Failed to compile.:String) [], RemoteException
    + FullyQualifiedErrorId : NativeCommandError
 

./src/app/masyarakat/e-news/detail/[jenis]/[id]/page.tsx:134:36
Type error: Type '{ title: string; showBackButton: boolean; backUrl: string; }' is not assignable to type 
'IntrinsicAttributes & Props'.
  Property 'showBackButton' does not exist on type 'IntrinsicAttributes & Props'.

[0m [90m 132 |[39m     [33m<[39m[33mmain[39m className[33m=[39m[32m"min-h-[100svh] bg-merah-putih 
animate-bg-pan text-gray-800"[39m[33m>[39m
 [90m 133 |[39m       [33m<[39m[33mdiv[39m className[33m=[39m[32m"mx-auto w-full max-w-md px-4 pb-20 
pt-4"[39m[33m>[39m
[31m[1m>[22m[39m[90m 134 |[39m         [33m<[39m[33mHeaderCard[39m title[33m=[39m[32m"E-News"[39m 
showBackButton[33m=[39m{[36mtrue[39m} backUrl[33m=[39m[32m"/masyarakat/e-news"[39m [33m/[39m[33m>[39m
 [90m     |[39m                                    [31m[1m^[22m[39m
 [90m 135 |[39m
 [90m 136 |[39m         {loading [33m?[39m (
 [90m 137 |[39m           [33m<[39m[33mdiv[39m className[33m=[39m[32m"mt-10 space-y-4"[39m[33m>[39m[0m
Next.js build worker exited with code: 1 and signal: null
